// Jest Snapshot v1, https://goo.gl/fbAQLP

exports[`/student/display/:id returns normalized object 1`] = `"{\\"upcoming\\":[{\\"id\\":17,\\"is_complete\\":false,\\"start_time\\":\\"2021-10-06T15:42:57.000Z\\",\\"total_time\\":null,\\"progress\\":false,\\"total_correct\\":null,\\"build_seed\\":null,\\"version_number\\":null,\\"assessment\\":3,\\"student\\":1,\\"created_at\\":\\"2020-08-06T15:42:57.000Z\\",\\"updated_at\\":\\"2020-08-06T15:43:00.000Z\\",\\"created_by\\":null,\\"updated_by\\":null}],\\"open\\":[{\\"id\\":15,\\"is_complete\\":false,\\"start_time\\":\\"2020-08-06T15:42:57.000Z\\",\\"total_time\\":null,\\"progress\\":false,\\"total_correct\\":null,\\"build_seed\\":null,\\"version_number\\":null,\\"assessment\\":3,\\"student\\":1,\\"created_at\\":\\"2020-08-06T15:42:57.000Z\\",\\"updated_at\\":\\"2020-08-06T15:43:00.000Z\\",\\"created_by\\":null,\\"updated_by\\":null}],\\"expired\\":[{\\"id\\":19,\\"is_complete\\":false,\\"start_time\\":\\"2020-06-06T15:42:57.000Z\\",\\"total_time\\":\\"3325\\",\\"progress\\":false,\\"total_correct\\":5,\\"build_seed\\":null,\\"version_number\\":null,\\"assessment\\":7,\\"student\\":1,\\"created_at\\":\\"2020-08-06T15:42:57.000Z\\",\\"updated_at\\":\\"2020-08-06T15:43:00.000Z\\",\\"created_by\\":null,\\"updated_by\\":null}],\\"inProgress\\":[{\\"id\\":21,\\"is_complete\\":false,\\"start_time\\":\\"2020-08-08T15:42:57.000Z\\",\\"total_time\\":\\"11193\\",\\"progress\\":true,\\"total_correct\\":null,\\"build_seed\\":null,\\"version_number\\":null,\\"assessment\\":7,\\"student\\":1,\\"created_at\\":\\"2020-08-06T15:42:57.000Z\\",\\"updated_at\\":\\"2020-08-06T15:43:00.000Z\\",\\"created_by\\":null,\\"updated_by\\":null}],\\"completed\\":[{\\"id\\":7,\\"is_complete\\":true,\\"start_time\\":\\"2020-07-24T16:36:37.000Z\\",\\"total_time\\":\\"183297\\",\\"progress\\":false,\\"total_correct\\":5,\\"build_seed\\":null,\\"version_number\\":null,\\"assessment\\":1,\\"student\\":1,\\"created_at\\":\\"2020-07-24T16:36:37.000Z\\",\\"updated_at\\":\\"2020-07-24T16:39:41.000Z\\",\\"created_by\\":null,\\"updated_by\\":null},{\\"id\\":8,\\"is_complete\\":true,\\"start_time\\":\\"2020-07-24T16:49:59.000Z\\",\\"total_time\\":\\"267049636\\",\\"total_correct\\":2,\\"progress\\":false,\\"build_seed\\":null,\\"version_number\\":null,\\"assessment\\":2,\\"student\\":1,\\"created_at\\":\\"2020-07-24T16:49:59.000Z\\",\\"updated_at\\":\\"2020-07-27T19:00:49.000Z\\",\\"created_by\\":null,\\"updated_by\\":null},{\\"id\\":12,\\"is_complete\\":true,\\"start_time\\":\\"2020-07-27T20:41:55.000Z\\",\\"total_time\\":\\"6435786\\",\\"progress\\":false,\\"total_correct\\":5,\\"build_seed\\":null,\\"version_number\\":null,\\"assessment\\":4,\\"student\\":1,\\"created_at\\":\\"2020-07-27T20:41:55.000Z\\",\\"updated_at\\":\\"2020-07-27T22:29:11.000Z\\",\\"created_by\\":null,\\"updated_by\\":null}]}"`;
